------------------------------------------------------------
TimeQuest Timing Analyzer Summary
------------------------------------------------------------

Type  : Slow 1100mV 85C Model Setup 'clk'
Slack : -10.004
TNS   : -953.238

Type  : Slow 1100mV 85C Model Hold 'clk'
Slack : 0.801
TNS   : 0.000

Type  : Slow 1100mV 85C Model Minimum Pulse Width 'clk'
Slack : -0.538
TNS   : -89.653

Type  : Slow 1100mV 0C Model Setup 'clk'
Slack : -10.136
TNS   : -961.111

Type  : Slow 1100mV 0C Model Hold 'clk'
Slack : 0.779
TNS   : 0.000

Type  : Slow 1100mV 0C Model Minimum Pulse Width 'clk'
Slack : -0.538
TNS   : -90.695

Type  : Fast 1100mV 85C Model Setup 'clk'
Slack : -4.735
TNS   : -430.940

Type  : Fast 1100mV 85C Model Hold 'clk'
Slack : 0.375
TNS   : 0.000

Type  : Fast 1100mV 85C Model Minimum Pulse Width 'clk'
Slack : -0.094
TNS   : -10.236

Type  : Fast 1100mV 0C Model Setup 'clk'
Slack : -4.180
TNS   : -381.439

Type  : Fast 1100mV 0C Model Hold 'clk'
Slack : 0.344
TNS   : 0.000

Type  : Fast 1100mV 0C Model Minimum Pulse Width 'clk'
Slack : -0.095
TNS   : -10.508

------------------------------------------------------------
