------------------------------------------------------------
TimeQuest Timing Analyzer Summary
------------------------------------------------------------

Type  : Slow 1100mV 85C Model Setup 'scale_clock:CLOCK|clk_2Hz_i'
Slack : -12.148
TNS   : -7784.179

Type  : Slow 1100mV 85C Model Setup 'CLOCK_50'
Slack : -5.020
TNS   : -87.789

Type  : Slow 1100mV 85C Model Hold 'CLOCK_50'
Slack : 0.443
TNS   : 0.000

Type  : Slow 1100mV 85C Model Hold 'scale_clock:CLOCK|clk_2Hz_i'
Slack : 0.951
TNS   : 0.000

Type  : Slow 1100mV 85C Model Minimum Pulse Width 'scale_clock:CLOCK|clk_2Hz_i'
Slack : -0.628
TNS   : -751.897

Type  : Slow 1100mV 85C Model Minimum Pulse Width 'CLOCK_50'
Slack : -0.614
TNS   : -25.017

Type  : Slow 1100mV 0C Model Setup 'scale_clock:CLOCK|clk_2Hz_i'
Slack : -11.946
TNS   : -7748.645

Type  : Slow 1100mV 0C Model Setup 'CLOCK_50'
Slack : -5.125
TNS   : -86.868

Type  : Slow 1100mV 0C Model Hold 'CLOCK_50'
Slack : 0.445
TNS   : 0.000

Type  : Slow 1100mV 0C Model Hold 'scale_clock:CLOCK|clk_2Hz_i'
Slack : 0.921
TNS   : 0.000

Type  : Slow 1100mV 0C Model Minimum Pulse Width 'CLOCK_50'
Slack : -0.649
TNS   : -22.866

Type  : Slow 1100mV 0C Model Minimum Pulse Width 'scale_clock:CLOCK|clk_2Hz_i'
Slack : -0.590
TNS   : -736.120

Type  : Fast 1100mV 85C Model Setup 'scale_clock:CLOCK|clk_2Hz_i'
Slack : -5.958
TNS   : -3911.633

Type  : Fast 1100mV 85C Model Setup 'CLOCK_50'
Slack : -2.862
TNS   : -32.292

Type  : Fast 1100mV 85C Model Hold 'CLOCK_50'
Slack : 0.199
TNS   : 0.000

Type  : Fast 1100mV 85C Model Hold 'scale_clock:CLOCK|clk_2Hz_i'
Slack : 0.384
TNS   : 0.000

Type  : Fast 1100mV 85C Model Minimum Pulse Width 'CLOCK_50'
Slack : -0.700
TNS   : -13.852

Type  : Fast 1100mV 85C Model Minimum Pulse Width 'scale_clock:CLOCK|clk_2Hz_i'
Slack : -0.231
TNS   : -62.590

Type  : Fast 1100mV 0C Model Setup 'scale_clock:CLOCK|clk_2Hz_i'
Slack : -5.307
TNS   : -3458.341

Type  : Fast 1100mV 0C Model Setup 'CLOCK_50'
Slack : -2.478
TNS   : -27.151

Type  : Fast 1100mV 0C Model Hold 'CLOCK_50'
Slack : 0.189
TNS   : 0.000

Type  : Fast 1100mV 0C Model Hold 'scale_clock:CLOCK|clk_2Hz_i'
Slack : 0.368
TNS   : 0.000

Type  : Fast 1100mV 0C Model Minimum Pulse Width 'CLOCK_50'
Slack : -0.741
TNS   : -16.680

Type  : Fast 1100mV 0C Model Minimum Pulse Width 'scale_clock:CLOCK|clk_2Hz_i'
Slack : -0.145
TNS   : -28.274

------------------------------------------------------------
